2026-09-21 11:06:41 [main] INFO  org.example.Main - 1-> la primera hermana saco: mago, la segunda hermana pinto : oráculo
2026-09-21 11:06:41 [main] INFO  org.example.Main - 2-> la primera hermana saco: mago, la segunda hermana pinto : estrella
2026-09-21 11:06:41 [main] INFO  org.example.Main - 3-> la primera hermana saco: estrella, la segunda hermana pinto : mago
2026-09-21 11:06:41 [main] INFO  org.example.Main - 4-> la primera hermana saco: oráculo, la segunda hermana pinto : estrella
2026-09-21 11:06:41 [main] INFO  org.example.Main - 5-> la primera hermana saco: oráculo, la segunda hermana pinto : mago
2026-09-21 11:06:41 [main] INFO  org.example.Main - 6-> la primera hermana saco: oráculo, la segunda hermana pinto : estrella
2026-09-21 11:06:41 [main] INFO  org.example.Main - 7-> la primera hermana saco: oráculo, la segunda hermana pinto : oráculo
2026-09-21 11:06:41 [main] INFO  org.example.Main - 8-> la primera hermana saco: estrella, la segunda hermana pinto : oráculo
2026-09-21 11:06:41 [main] INFO  org.example.Main - 9-> la primera hermana saco: estrella, la segunda hermana pinto : estrella
2026-09-21 11:06:41 [main] INFO  org.example.Main - 10-> la primera hermana saco: estrella, la segunda hermana pinto : oráculo
2026-09-21 11:06:41 [main] INFO  org.example.Main - 11-> la primera hermana saco: oráculo, la segunda hermana pinto : estrella
2026-09-21 11:06:41 [main] INFO  org.example.Main - 12-> la primera hermana saco: mago, la segunda hermana pinto : estrella
2026-09-21 11:06:41 [main] INFO  org.example.Main - 13-> la primera hermana saco: mago, la segunda hermana pinto : oráculo
2026-09-21 11:06:41 [main] INFO  org.example.Main - 14-> la primera hermana saco: mago, la segunda hermana pinto : estrella
2026-09-21 11:06:41 [main] INFO  org.example.Main - 15-> la primera hermana saco: estrella, la segunda hermana pinto : estrella
2026-09-21 11:06:41 [main] INFO  org.example.Main - 16-> la primera hermana saco: mago, la segunda hermana pinto : estrella
2026-09-21 11:06:41 [main] INFO  org.example.Main - 17-> la primera hermana saco: mago, la segunda hermana pinto : mago
2026-09-21 11:06:41 [main] INFO  org.example.Main - 18-> la primera hermana saco: oráculo, la segunda hermana pinto : oráculo
2026-09-21 11:06:41 [main] INFO  org.example.Main - 19-> la primera hermana saco: estrella, la segunda hermana pinto : estrella
2026-09-21 11:06:41 [main] INFO  org.example.Main - 20-> la primera hermana saco: oráculo, la segunda hermana pinto : mago
2026-09-21 11:06:41 [main] INFO  org.example.Main - 21-> la primera hermana saco: oráculo, la segunda hermana pinto : mago
2026-09-21 11:06:41 [main] INFO  org.example.Main - 22-> la primera hermana saco: mago, la segunda hermana pinto : oráculo
2026-09-21 11:06:41 [main] INFO  org.example.Main - 23-> la primera hermana saco: oráculo, la segunda hermana pinto : mago
2026-09-21 11:06:41 [main] INFO  org.example.Main - 24-> la primera hermana saco: mago, la segunda hermana pinto : mago
2026-09-21 11:06:41 [main] INFO  org.example.Main - 25-> la primera hermana saco: mago, la segunda hermana pinto : mago
2026-09-21 11:06:41 [main] INFO  org.example.Main - 26-> la primera hermana saco: oráculo, la segunda hermana pinto : oráculo
2026-09-21 11:06:41 [main] INFO  org.example.Main - 27-> la primera hermana saco: estrella, la segunda hermana pinto : estrella
2026-09-21 11:06:41 [main] INFO  org.example.Main - 28-> la primera hermana saco: oráculo, la segunda hermana pinto : estrella
2026-09-21 11:06:41 [main] INFO  org.example.Main - 29-> la primera hermana saco: mago, la segunda hermana pinto : mago
2026-09-21 11:06:41 [main] INFO  org.example.Main - 30-> la primera hermana saco: mago, la segunda hermana pinto : oráculo
2026-09-21 11:06:41 [main] INFO  org.example.Main - 31-> la primera hermana saco: oráculo, la segunda hermana pinto : oráculo
2026-09-21 11:06:41 [main] INFO  org.example.Main - 32-> la primera hermana saco: estrella, la segunda hermana pinto : mago
2026-09-21 11:06:41 [main] INFO  org.example.Main - 33-> la primera hermana saco: estrella, la segunda hermana pinto : estrella
2026-09-21 11:06:41 [main] INFO  org.example.Main - 34-> la primera hermana saco: mago, la segunda hermana pinto : mago
2026-09-21 11:06:41 [main] INFO  org.example.Main - 35-> la primera hermana saco: oráculo, la segunda hermana pinto : mago
2026-09-21 11:06:41 [main] INFO  org.example.Main - 36-> la primera hermana saco: mago, la segunda hermana pinto : estrella
2026-09-21 11:06:41 [main] INFO  org.example.Main - 37-> la primera hermana saco: oráculo, la segunda hermana pinto : estrella
2026-09-21 11:06:41 [main] INFO  org.example.Main - 38-> la primera hermana saco: estrella, la segunda hermana pinto : estrella
2026-09-21 11:06:41 [main] INFO  org.example.Main - 39-> la primera hermana saco: estrella, la segunda hermana pinto : estrella
2026-09-21 12:08:28 [main] INFO  org.example.Main - 1-> la primera hermana saco: oráculo, la segunda hermana pinto : estrella
2026-09-21 12:08:28 [main] INFO  org.example.Main - 2-> la primera hermana saco: estrella, la segunda hermana pinto : oráculo
2026-09-21 12:08:28 [main] INFO  org.example.Main - 3-> la primera hermana saco: estrella, la segunda hermana pinto : mago
2026-09-21 12:08:28 [main] INFO  org.example.Main - 4-> la primera hermana saco: oráculo, la segunda hermana pinto : mago
2026-09-21 12:08:28 [main] INFO  org.example.Main - 5-> la primera hermana saco: mago, la segunda hermana pinto : estrella
2026-09-21 12:08:28 [main] INFO  org.example.Main - 6-> la primera hermana saco: estrella, la segunda hermana pinto : oráculo
2026-09-21 12:08:28 [main] INFO  org.example.Main - 7-> la primera hermana saco: oráculo, la segunda hermana pinto : oráculo
2026-09-21 12:08:28 [main] INFO  org.example.Main - 8-> la primera hermana saco: oráculo, la segunda hermana pinto : oráculo
2026-09-21 12:08:28 [main] INFO  org.example.Main - 9-> la primera hermana saco: estrella, la segunda hermana pinto : oráculo
2026-09-21 12:08:28 [main] INFO  org.example.Main - 10-> la primera hermana saco: mago, la segunda hermana pinto : oráculo
2026-09-21 12:08:28 [main] INFO  org.example.Main - 11-> la primera hermana saco: estrella, la segunda hermana pinto : oráculo
2026-09-21 12:08:28 [main] INFO  org.example.Main - 12-> la primera hermana saco: mago, la segunda hermana pinto : estrella
2026-09-21 12:08:28 [main] INFO  org.example.Main - 13-> la primera hermana saco: oráculo, la segunda hermana pinto : mago
2026-09-21 12:08:28 [main] INFO  org.example.Main - 14-> la primera hermana saco: oráculo, la segunda hermana pinto : estrella
2026-09-21 12:08:28 [main] INFO  org.example.Main - 15-> la primera hermana saco: mago, la segunda hermana pinto : estrella
2026-09-21 12:08:28 [main] INFO  org.example.Main - 16-> la primera hermana saco: oráculo, la segunda hermana pinto : estrella
2026-09-21 12:08:28 [main] INFO  org.example.Main - 17-> la primera hermana saco: mago, la segunda hermana pinto : estrella
2026-09-21 12:08:28 [main] INFO  org.example.Main - 18-> la primera hermana saco: oráculo, la segunda hermana pinto : oráculo
2026-09-21 12:08:28 [main] INFO  org.example.Main - 19-> la primera hermana saco: estrella, la segunda hermana pinto : mago
2026-09-21 12:08:28 [main] INFO  org.example.Main - 20-> la primera hermana saco: estrella, la segunda hermana pinto : oráculo
2026-09-21 12:08:28 [main] INFO  org.example.Main - 21-> la primera hermana saco: mago, la segunda hermana pinto : oráculo
2026-09-21 12:08:28 [main] INFO  org.example.Main - 22-> la primera hermana saco: oráculo, la segunda hermana pinto : estrella
2026-09-21 12:08:28 [main] INFO  org.example.Main - 23-> la primera hermana saco: estrella, la segunda hermana pinto : mago
2026-09-21 12:08:28 [main] INFO  org.example.Main - 24-> la primera hermana saco: oráculo, la segunda hermana pinto : mago
2026-09-21 12:08:28 [main] INFO  org.example.Main - 25-> la primera hermana saco: estrella, la segunda hermana pinto : estrella
2026-09-21 12:08:28 [main] INFO  org.example.Main - 26-> la primera hermana saco: oráculo, la segunda hermana pinto : oráculo
2026-09-21 12:08:28 [main] INFO  org.example.Main - 27-> la primera hermana saco: estrella, la segunda hermana pinto : oráculo
2026-09-21 12:08:28 [main] INFO  org.example.Main - 28-> la primera hermana saco: estrella, la segunda hermana pinto : mago
2026-09-21 12:08:28 [main] INFO  org.example.Main - 29-> la primera hermana saco: oráculo, la segunda hermana pinto : mago
2026-09-21 12:08:28 [main] INFO  org.example.Main - 30-> la primera hermana saco: oráculo, la segunda hermana pinto : mago
2026-09-21 12:08:28 [main] INFO  org.example.Main - 31-> la primera hermana saco: estrella, la segunda hermana pinto : estrella
2026-09-21 12:08:28 [main] INFO  org.example.Main - 32-> la primera hermana saco: mago, la segunda hermana pinto : mago
2026-09-21 12:08:28 [main] INFO  org.example.Main - 33-> la primera hermana saco: estrella, la segunda hermana pinto : estrella
2026-09-21 12:08:28 [main] INFO  org.example.Main - 34-> la primera hermana saco: oráculo, la segunda hermana pinto : estrella
2026-09-21 12:08:28 [main] INFO  org.example.Main - 35-> la primera hermana saco: estrella, la segunda hermana pinto : mago
2026-09-21 12:08:28 [main] INFO  org.example.Main - 36-> la primera hermana saco: oráculo, la segunda hermana pinto : mago
2026-09-21 12:08:28 [main] INFO  org.example.Main - 37-> la primera hermana saco: estrella, la segunda hermana pinto : mago
2026-09-21 12:08:28 [main] INFO  org.example.Main - 38-> la primera hermana saco: estrella, la segunda hermana pinto : estrella
2026-09-21 12:08:28 [main] INFO  org.example.Main - 39-> la primera hermana saco: mago, la segunda hermana pinto : oráculo
2026-09-21 12:08:28 [main] INFO  org.example.Main - 40-> la primera hermana saco: mago, la segunda hermana pinto : mago
2026-09-21 12:08:28 [main] INFO  org.example.Main - 41-> la primera hermana saco: estrella, la segunda hermana pinto : oráculo
2026-09-21 12:08:28 [main] INFO  org.example.Main - 42-> la primera hermana saco: mago, la segunda hermana pinto : estrella
2026-09-21 12:08:28 [main] INFO  org.example.Main - 43-> la primera hermana saco: estrella, la segunda hermana pinto : oráculo
2026-09-21 12:08:28 [main] INFO  org.example.Main - 44-> la primera hermana saco: mago, la segunda hermana pinto : estrella
2026-09-21 12:08:28 [main] INFO  org.example.Main - 45-> la primera hermana saco: estrella, la segunda hermana pinto : mago
2026-09-21 12:08:28 [main] INFO  org.example.Main - 46-> la primera hermana saco: mago, la segunda hermana pinto : mago
2026-09-21 12:08:28 [main] INFO  org.example.Main - 47-> la primera hermana saco: oráculo, la segunda hermana pinto : oráculo
2026-09-21 12:08:28 [main] INFO  org.example.Main - 48-> la primera hermana saco: mago, la segunda hermana pinto : estrella
2026-09-21 12:08:28 [main] INFO  org.example.Main - 49-> la primera hermana saco: mago, la segunda hermana pinto : estrella
2026-09-21 12:08:28 [main] INFO  org.example.Main - 50-> la primera hermana saco: oráculo, la segunda hermana pinto : oráculo
2026-09-21 12:08:28 [main] INFO  org.example.Main - 51-> la primera hermana saco: estrella, la segunda hermana pinto : mago
2026-09-21 12:08:28 [main] INFO  org.example.Main - 52-> la primera hermana saco: estrella, la segunda hermana pinto : mago
2026-09-21 12:08:28 [main] INFO  org.example.Main - 53-> la primera hermana saco: oráculo, la segunda hermana pinto : oráculo
2026-09-21 12:08:28 [main] INFO  org.example.Main - 54-> la primera hermana saco: oráculo, la segunda hermana pinto : estrella
2026-09-21 12:08:28 [main] INFO  org.example.Main - 55-> la primera hermana saco: oráculo, la segunda hermana pinto : mago
2026-09-21 12:08:28 [main] INFO  org.example.Main - 56-> la primera hermana saco: oráculo, la segunda hermana pinto : estrella
2026-09-21 12:08:28 [main] INFO  org.example.Main - 57-> la primera hermana saco: mago, la segunda hermana pinto : oráculo
2026-09-21 12:08:28 [main] INFO  org.example.Main - 58-> la primera hermana saco: estrella, la segunda hermana pinto : mago
2026-09-21 12:08:28 [main] INFO  org.example.Main - 59-> la primera hermana saco: mago, la segunda hermana pinto : mago
2026-09-21 12:08:28 [main] INFO  org.example.Main - 60-> la primera hermana saco: estrella, la segunda hermana pinto : mago
2026-09-21 12:08:28 [main] INFO  org.example.Main - 61-> la primera hermana saco: estrella, la segunda hermana pinto : oráculo
2026-09-21 12:08:28 [main] INFO  org.example.Main - 62-> la primera hermana saco: oráculo, la segunda hermana pinto : mago
2026-09-21 12:08:28 [main] INFO  org.example.Main - 63-> la primera hermana saco: mago, la segunda hermana pinto : estrella
2026-09-21 12:08:28 [main] INFO  org.example.Main - 64-> la primera hermana saco: mago, la segunda hermana pinto : oráculo
2026-09-21 12:08:28 [main] INFO  org.example.Main - 65-> la primera hermana saco: estrella, la segunda hermana pinto : oráculo
2026-09-21 12:08:28 [main] INFO  org.example.Main - 66-> la primera hermana saco: oráculo, la segunda hermana pinto : oráculo
2026-09-21 12:08:28 [main] INFO  org.example.Main - 67-> la primera hermana saco: estrella, la segunda hermana pinto : estrella
2026-09-21 12:08:28 [main] INFO  org.example.Main - 68-> la primera hermana saco: oráculo, la segunda hermana pinto : mago
2026-09-21 12:08:28 [main] INFO  org.example.Main - 69-> la primera hermana saco: estrella, la segunda hermana pinto : oráculo
2026-09-21 12:08:28 [main] INFO  org.example.Main - 70-> la primera hermana saco: mago, la segunda hermana pinto : estrella
2026-09-21 12:08:28 [main] INFO  org.example.Main - 71-> la primera hermana saco: estrella, la segunda hermana pinto : oráculo
2026-09-21 12:08:28 [main] INFO  org.example.Main - 72-> la primera hermana saco: estrella, la segunda hermana pinto : oráculo
2026-09-21 12:08:28 [main] INFO  org.example.Main - 73-> la primera hermana saco: estrella, la segunda hermana pinto : mago
2026-09-21 12:08:28 [main] INFO  org.example.Main - 74-> la primera hermana saco: mago, la segunda hermana pinto : oráculo
2026-09-21 12:08:28 [main] INFO  org.example.Main - 75-> la primera hermana saco: oráculo, la segunda hermana pinto : mago
2026-09-21 12:08:28 [main] INFO  org.example.Main - 76-> la primera hermana saco: estrella, la segunda hermana pinto : estrella
2026-09-21 12:08:28 [main] INFO  org.example.Main - 77-> la primera hermana saco: oráculo, la segunda hermana pinto : mago
2026-09-21 12:08:28 [main] INFO  org.example.Main - 78-> la primera hermana saco: mago, la segunda hermana pinto : estrella
2026-09-21 12:08:28 [main] INFO  org.example.Main - 79-> la primera hermana saco: estrella, la segunda hermana pinto : estrella
2026-09-21 12:08:28 [main] INFO  org.example.Main - 80-> la primera hermana saco: oráculo, la segunda hermana pinto : oráculo
2026-09-21 12:08:28 [main] INFO  org.example.Main - 81-> la primera hermana saco: estrella, la segunda hermana pinto : estrella
2026-09-21 12:08:28 [main] INFO  org.example.Main - 82-> la primera hermana saco: mago, la segunda hermana pinto : oráculo
2026-09-21 12:08:28 [main] INFO  org.example.Main - 83-> la primera hermana saco: mago, la segunda hermana pinto : estrella
2026-09-21 12:08:28 [main] INFO  org.example.Main - 84-> la primera hermana saco: mago, la segunda hermana pinto : oráculo
2026-09-21 12:08:28 [main] INFO  org.example.Main - 85-> la primera hermana saco: estrella, la segunda hermana pinto : oráculo
2026-09-21 12:08:28 [main] INFO  org.example.Main - 86-> la primera hermana saco: mago, la segunda hermana pinto : estrella
2026-09-21 12:08:28 [main] INFO  org.example.Main - 87-> la primera hermana saco: oráculo, la segunda hermana pinto : mago
2026-09-21 12:08:28 [main] INFO  org.example.Main - 88-> la primera hermana saco: estrella, la segunda hermana pinto : estrella
2026-09-21 12:08:28 [main] INFO  org.example.Main - 89-> la primera hermana saco: estrella, la segunda hermana pinto : mago
2026-09-21 12:08:28 [main] INFO  org.example.Main - 90-> la primera hermana saco: estrella, la segunda hermana pinto : mago
